  Wiederherzustellende Projekte werden ermittelt...
  "c:\Daten\Entwicklung\CashflowSimulator\CashflowSimulator.Infrastructure.Tests\CashflowSimulator.Infrastructure.Tests.csproj" wiederhergestellt (in 428 ms.).
  "c:\Daten\Entwicklung\CashflowSimulator\CashflowSimulator.Desktop.Tests\CashflowSimulator.Desktop.Tests.csproj" wiederhergestellt (in 430 ms.).
  "c:\Daten\Entwicklung\CashflowSimulator\CashflowSimulator.Engine\CashflowSimulator.Engine.csproj" wiederhergestellt (in 424 ms.).
  "c:\Daten\Entwicklung\CashflowSimulator\CashflowSimulator.Validation.Tests\CashflowSimulator.Validation.Tests.csproj" wiederhergestellt (in 428 ms.).
  "C:\Daten\Entwicklung\CashflowSimulator\CashflowSimulator.Desktop\CashflowSimulator.Desktop.csproj" wiederhergestellt (in 430 ms.).
  "C:\Daten\Entwicklung\CashflowSimulator\CashflowSimulator.Engine.Tests\CashflowSimulator.Engine.Tests.csproj" wiederhergestellt (in 428 ms.).
  3 von 9 Projekten sind f├╝r die Wiederherstellung auf dem neuesten Stand.
  CashflowSimulator.Contracts -> c:\Daten\Entwicklung\CashflowSimulator\CashflowSimulator.Contracts\bin\Debug\net9.0\CashflowSimulator.Contracts.dll
  CashflowSimulator.Infrastructure -> C:\Daten\Entwicklung\CashflowSimulator\CashflowSimulator.Infrastructure\bin\Debug\net9.0\CashflowSimulator.Infrastructure.dll
  CashflowSimulator.Validation -> c:\Daten\Entwicklung\CashflowSimulator\CashflowSimulator.Validation\bin\Debug\net9.0\CashflowSimulator.Validation.dll
  CashflowSimulator.Infrastructure.Tests -> c:\Daten\Entwicklung\CashflowSimulator\CashflowSimulator.Infrastructure.Tests\bin\Debug\net9.0\CashflowSimulator.Infrastructure.Tests.dll
  CashflowSimulator.Validation.Tests -> C:\Daten\Entwicklung\CashflowSimulator\CashflowSimulator.Validation.Tests\bin\Debug\net9.0\CashflowSimulator.Validation.Tests.dll
  CashflowSimulator.Engine -> c:\Daten\Entwicklung\CashflowSimulator\CashflowSimulator.Engine\bin\Debug\net9.0\CashflowSimulator.Engine.dll
  CashflowSimulator.Engine.Tests -> C:\Daten\Entwicklung\CashflowSimulator\CashflowSimulator.Engine.Tests\bin\Debug\net9.0\CashflowSimulator.Engine.Tests.dll
  CashflowSimulator.Desktop -> C:\Daten\Entwicklung\CashflowSimulator\CashflowSimulator.Desktop\bin\Debug\net9.0\CashflowSimulator.Desktop.dll
c:\Daten\Entwicklung\CashflowSimulator\CashflowSimulator.Desktop.Tests\AnalysisDashboardViewModelTests.cs(16,15): warning xUnit1051: Calls to methods which accept CancellationToken should use TestContext.Current.CancellationToken to allow test cancellation to be more responsive. (https://xunit.net/xunit.analyzers/rules/xUnit1051) [c:\Daten\Entwicklung\CashflowSimulator\CashflowSimulator.Desktop.Tests\CashflowSimulator.Desktop.Tests.csproj]
c:\Daten\Entwicklung\CashflowSimulator\CashflowSimulator.Desktop.Tests\AnalysisDashboardViewModelTests.cs(27,15): warning xUnit1051: Calls to methods which accept CancellationToken should use TestContext.Current.CancellationToken to allow test cancellation to be more responsive. (https://xunit.net/xunit.analyzers/rules/xUnit1051) [c:\Daten\Entwicklung\CashflowSimulator\CashflowSimulator.Desktop.Tests\CashflowSimulator.Desktop.Tests.csproj]
c:\Daten\Entwicklung\CashflowSimulator\CashflowSimulator.Desktop.Tests\AnalysisDashboardViewModelTests.cs(48,15): warning xUnit1051: Calls to methods which accept CancellationToken should use TestContext.Current.CancellationToken to allow test cancellation to be more responsive. (https://xunit.net/xunit.analyzers/rules/xUnit1051) [c:\Daten\Entwicklung\CashflowSimulator\CashflowSimulator.Desktop.Tests\CashflowSimulator.Desktop.Tests.csproj]
c:\Daten\Entwicklung\CashflowSimulator\CashflowSimulator.Desktop.Tests\AnalysisDashboardViewModelTests.cs(70,15): warning xUnit1051: Calls to methods which accept CancellationToken should use TestContext.Current.CancellationToken to allow test cancellation to be more responsive. (https://xunit.net/xunit.analyzers/rules/xUnit1051) [c:\Daten\Entwicklung\CashflowSimulator\CashflowSimulator.Desktop.Tests\CashflowSimulator.Desktop.Tests.csproj]
c:\Daten\Entwicklung\CashflowSimulator\CashflowSimulator.Desktop.Tests\DiagnosticExportServiceTests.cs(19,15): warning xUnit1051: Calls to methods which accept CancellationToken should use TestContext.Current.CancellationToken to allow test cancellation to be more responsive. (https://xunit.net/xunit.analyzers/rules/xUnit1051) [c:\Daten\Entwicklung\CashflowSimulator\CashflowSimulator.Desktop.Tests\CashflowSimulator.Desktop.Tests.csproj]
c:\Daten\Entwicklung\CashflowSimulator\CashflowSimulator.Desktop.Tests\DiagnosticExportServiceTests.cs(63,19): warning xUnit1051: Calls to methods which accept CancellationToken should use TestContext.Current.CancellationToken to allow test cancellation to be more responsive. (https://xunit.net/xunit.analyzers/rules/xUnit1051) [c:\Daten\Entwicklung\CashflowSimulator\CashflowSimulator.Desktop.Tests\CashflowSimulator.Desktop.Tests.csproj]
c:\Daten\Entwicklung\CashflowSimulator\CashflowSimulator.Desktop.Tests\DiagnosticExportServiceTests.cs(35,19): warning xUnit1051: Calls to methods which accept CancellationToken should use TestContext.Current.CancellationToken to allow test cancellation to be more responsive. (https://xunit.net/xunit.analyzers/rules/xUnit1051) [c:\Daten\Entwicklung\CashflowSimulator\CashflowSimulator.Desktop.Tests\CashflowSimulator.Desktop.Tests.csproj]
c:\Daten\Entwicklung\CashflowSimulator\CashflowSimulator.Desktop.Tests\DiagnosticExportServiceTests.cs(39,30): warning xUnit1051: Calls to methods which accept CancellationToken should use TestContext.Current.CancellationToken to allow test cancellation to be more responsive. (https://xunit.net/xunit.analyzers/rules/xUnit1051) [c:\Daten\Entwicklung\CashflowSimulator\CashflowSimulator.Desktop.Tests\CashflowSimulator.Desktop.Tests.csproj]
c:\Daten\Entwicklung\CashflowSimulator\CashflowSimulator.Desktop.Tests\DiagnosticExportServiceTests.cs(88,22): warning xUnit1051: Calls to methods which accept CancellationToken should use TestContext.Current.CancellationToken to allow test cancellation to be more responsive. (https://xunit.net/xunit.analyzers/rules/xUnit1051) [c:\Daten\Entwicklung\CashflowSimulator\CashflowSimulator.Desktop.Tests\CashflowSimulator.Desktop.Tests.csproj]
c:\Daten\Entwicklung\CashflowSimulator\CashflowSimulator.Desktop.Tests\DiagnosticExportServiceTests.cs(89,22): warning xUnit1051: Calls to methods which accept CancellationToken should use TestContext.Current.CancellationToken to allow test cancellation to be more responsive. (https://xunit.net/xunit.analyzers/rules/xUnit1051) [c:\Daten\Entwicklung\CashflowSimulator\CashflowSimulator.Desktop.Tests\CashflowSimulator.Desktop.Tests.csproj]
c:\Daten\Entwicklung\CashflowSimulator\CashflowSimulator.Desktop.Tests\SimulationResultViewModelTests.cs(46,15): warning xUnit1051: Calls to methods which accept CancellationToken should use TestContext.Current.CancellationToken to allow test cancellation to be more responsive. (https://xunit.net/xunit.analyzers/rules/xUnit1051) [c:\Daten\Entwicklung\CashflowSimulator\CashflowSimulator.Desktop.Tests\CashflowSimulator.Desktop.Tests.csproj]
c:\Daten\Entwicklung\CashflowSimulator\CashflowSimulator.Desktop.Tests\SimulationResultViewModelTests.cs(24,15): warning xUnit1051: Calls to methods which accept CancellationToken should use TestContext.Current.CancellationToken to allow test cancellation to be more responsive. (https://xunit.net/xunit.analyzers/rules/xUnit1051) [c:\Daten\Entwicklung\CashflowSimulator\CashflowSimulator.Desktop.Tests\CashflowSimulator.Desktop.Tests.csproj]
  CashflowSimulator.Desktop.Tests -> c:\Daten\Entwicklung\CashflowSimulator\CashflowSimulator.Desktop.Tests\bin\Debug\net9.0\CashflowSimulator.Desktop.Tests.dll

Der Buildvorgang wurde erfolgreich ausgef├╝hrt.

c:\Daten\Entwicklung\CashflowSimulator\CashflowSimulator.Desktop.Tests\AnalysisDashboardViewModelTests.cs(16,15): warning xUnit1051: Calls to methods which accept CancellationToken should use TestContext.Current.CancellationToken to allow test cancellation to be more responsive. (https://xunit.net/xunit.analyzers/rules/xUnit1051) [c:\Daten\Entwicklung\CashflowSimulator\CashflowSimulator.Desktop.Tests\CashflowSimulator.Desktop.Tests.csproj]
c:\Daten\Entwicklung\CashflowSimulator\CashflowSimulator.Desktop.Tests\AnalysisDashboardViewModelTests.cs(27,15): warning xUnit1051: Calls to methods which accept CancellationToken should use TestContext.Current.CancellationToken to allow test cancellation to be more responsive. (https://xunit.net/xunit.analyzers/rules/xUnit1051) [c:\Daten\Entwicklung\CashflowSimulator\CashflowSimulator.Desktop.Tests\CashflowSimulator.Desktop.Tests.csproj]
c:\Daten\Entwicklung\CashflowSimulator\CashflowSimulator.Desktop.Tests\AnalysisDashboardViewModelTests.cs(48,15): warning xUnit1051: Calls to methods which accept CancellationToken should use TestContext.Current.CancellationToken to allow test cancellation to be more responsive. (https://xunit.net/xunit.analyzers/rules/xUnit1051) [c:\Daten\Entwicklung\CashflowSimulator\CashflowSimulator.Desktop.Tests\CashflowSimulator.Desktop.Tests.csproj]
c:\Daten\Entwicklung\CashflowSimulator\CashflowSimulator.Desktop.Tests\AnalysisDashboardViewModelTests.cs(70,15): warning xUnit1051: Calls to methods which accept CancellationToken should use TestContext.Current.CancellationToken to allow test cancellation to be more responsive. (https://xunit.net/xunit.analyzers/rules/xUnit1051) [c:\Daten\Entwicklung\CashflowSimulator\CashflowSimulator.Desktop.Tests\CashflowSimulator.Desktop.Tests.csproj]
c:\Daten\Entwicklung\CashflowSimulator\CashflowSimulator.Desktop.Tests\DiagnosticExportServiceTests.cs(19,15): warning xUnit1051: Calls to methods which accept CancellationToken should use TestContext.Current.CancellationToken to allow test cancellation to be more responsive. (https://xunit.net/xunit.analyzers/rules/xUnit1051) [c:\Daten\Entwicklung\CashflowSimulator\CashflowSimulator.Desktop.Tests\CashflowSimulator.Desktop.Tests.csproj]
c:\Daten\Entwicklung\CashflowSimulator\CashflowSimulator.Desktop.Tests\DiagnosticExportServiceTests.cs(63,19): warning xUnit1051: Calls to methods which accept CancellationToken should use TestContext.Current.CancellationToken to allow test cancellation to be more responsive. (https://xunit.net/xunit.analyzers/rules/xUnit1051) [c:\Daten\Entwicklung\CashflowSimulator\CashflowSimulator.Desktop.Tests\CashflowSimulator.Desktop.Tests.csproj]
c:\Daten\Entwicklung\CashflowSimulator\CashflowSimulator.Desktop.Tests\DiagnosticExportServiceTests.cs(35,19): warning xUnit1051: Calls to methods which accept CancellationToken should use TestContext.Current.CancellationToken to allow test cancellation to be more responsive. (https://xunit.net/xunit.analyzers/rules/xUnit1051) [c:\Daten\Entwicklung\CashflowSimulator\CashflowSimulator.Desktop.Tests\CashflowSimulator.Desktop.Tests.csproj]
c:\Daten\Entwicklung\CashflowSimulator\CashflowSimulator.Desktop.Tests\DiagnosticExportServiceTests.cs(39,30): warning xUnit1051: Calls to methods which accept CancellationToken should use TestContext.Current.CancellationToken to allow test cancellation to be more responsive. (https://xunit.net/xunit.analyzers/rules/xUnit1051) [c:\Daten\Entwicklung\CashflowSimulator\CashflowSimulator.Desktop.Tests\CashflowSimulator.Desktop.Tests.csproj]
c:\Daten\Entwicklung\CashflowSimulator\CashflowSimulator.Desktop.Tests\DiagnosticExportServiceTests.cs(88,22): warning xUnit1051: Calls to methods which accept CancellationToken should use TestContext.Current.CancellationToken to allow test cancellation to be more responsive. (https://xunit.net/xunit.analyzers/rules/xUnit1051) [c:\Daten\Entwicklung\CashflowSimulator\CashflowSimulator.Desktop.Tests\CashflowSimulator.Desktop.Tests.csproj]
c:\Daten\Entwicklung\CashflowSimulator\CashflowSimulator.Desktop.Tests\DiagnosticExportServiceTests.cs(89,22): warning xUnit1051: Calls to methods which accept CancellationToken should use TestContext.Current.CancellationToken to allow test cancellation to be more responsive. (https://xunit.net/xunit.analyzers/rules/xUnit1051) [c:\Daten\Entwicklung\CashflowSimulator\CashflowSimulator.Desktop.Tests\CashflowSimulator.Desktop.Tests.csproj]
c:\Daten\Entwicklung\CashflowSimulator\CashflowSimulator.Desktop.Tests\SimulationResultViewModelTests.cs(46,15): warning xUnit1051: Calls to methods which accept CancellationToken should use TestContext.Current.CancellationToken to allow test cancellation to be more responsive. (https://xunit.net/xunit.analyzers/rules/xUnit1051) [c:\Daten\Entwicklung\CashflowSimulator\CashflowSimulator.Desktop.Tests\CashflowSimulator.Desktop.Tests.csproj]
c:\Daten\Entwicklung\CashflowSimulator\CashflowSimulator.Desktop.Tests\SimulationResultViewModelTests.cs(24,15): warning xUnit1051: Calls to methods which accept CancellationToken should use TestContext.Current.CancellationToken to allow test cancellation to be more responsive. (https://xunit.net/xunit.analyzers/rules/xUnit1051) [c:\Daten\Entwicklung\CashflowSimulator\CashflowSimulator.Desktop.Tests\CashflowSimulator.Desktop.Tests.csproj]
    12 Warnung(en)
    0 Fehler

Verstrichene Zeit 00:00:08.96
